vlan,network,bitmask
710,4.2.3.0,25
714,4.2.3.128,25
