vlan,network
700,4.2.6.0
701,4.2.7.0
710,4.2.8.0
711,4.2.8.64
712,4.2.8.128
713,4.2.8.192
