vlan,network,bitmask
701,4.2.6.0,25
702,4.2.6.192,26
710,4.2.6.128,29
711,4.2.6.136,29
717,4.2.6.144,29
718,4.2.6.152,29
