Device_Name,Vlan,Mac,dot1dTpFdbPort
np06fals01,1000,00152c1f4000,49
